../Core/Src/ILI9341_STM32_Driver.c:90:6:HAL_SPI_TxCpltCallback	16	static
../Core/Src/ILI9341_STM32_Driver.c:99:13:ILI9341_SPI_Tx	16	static
../Core/Src/ILI9341_STM32_Driver.c:106:13:ILI9341_SPI_TxBuffer	16	static
../Core/Src/ILI9341_STM32_Driver.c:113:6:ILI9341_WriteCommand	16	static
../Core/Src/ILI9341_STM32_Driver.c:121:6:ILI9341_WriteData	16	static
../Core/Src/ILI9341_STM32_Driver.c:129:6:ILI9341_WriteBuffer	16	static
../Core/Src/ILI9341_STM32_Driver.c:137:6:ILI9341_SetAddress	32	static
../Core/Src/ILI9341_STM32_Driver.c:159:6:ILI9341_Reset	8	static
../Core/Src/ILI9341_STM32_Driver.c:169:6:ILI9341_Enable	8	static
../Core/Src/ILI9341_STM32_Driver.c:174:6:ILI9341_Init	8	static
../Core/Src/ILI9341_STM32_Driver.c:310:6:ILI9341_SetRotation	16	static
../Core/Src/ILI9341_STM32_Driver.c:342:6:ILI9341_DrawColor	24	static
../Core/Src/ILI9341_STM32_Driver.c:348:6:ILI9341_DrawColorBurst	80	dynamic
../Core/Src/ILI9341_STM32_Driver.c:389:6:ILI9341_FillScreen	16	static
../Core/Src/ILI9341_STM32_Driver.c:395:6:ILI9341_DrawPixel	32	static
../Core/Src/ILI9341_STM32_Driver.c:413:6:ILI9341_DrawRectangle	24	static
../Core/Src/ILI9341_STM32_Driver.c:431:6:ILI9341_DrawHLine	24	static
../Core/Src/ILI9341_STM32_Driver.c:444:6:ILI9341_DrawVLine	24	static
../Core/Src/ILI9341_STM32_Driver.c:457:6:ILI9341_DrawLine	48	static
