../Core/Src/main.c:119:6:draw_plane	32	static
../Core/Src/main.c:134:6:erase_plane	32	static
../Core/Src/main.c:149:6:draw_enemies	24	static
../Core/Src/main.c:153:6:init_enemies	16	static
../Core/Src/main.c:161:6:erase_enemies	24	static
../Core/Src/main.c:164:6:update_enemies	24	static
../Core/Src/main.c:181:6:init_boss	4	static
../Core/Src/main.c:189:6:draw_boss	24	static
../Core/Src/main.c:193:6:erase_boss	24	static
../Core/Src/main.c:197:6:fire_boss_laser	16	static
../Core/Src/main.c:216:6:boss_shotgun	24	static
../Core/Src/main.c:255:6:boss_burst	24	static
../Core/Src/main.c:292:6:boss_wave	24	static
../Core/Src/main.c:331:6:update_boss_bullets	16	static
../Core/Src/main.c:345:6:check_lose	24	static
../Core/Src/main.c:360:6:update_boss	8	static
../Core/Src/main.c:380:5:check_bullet_boss_collision	24	static
../Core/Src/main.c:409:6:show_victory_screen	24	static
../Core/Src/main.c:426:6:show_game_over_screen	24	static
../Core/Src/main.c:459:6:draw_bullet	24	static
../Core/Src/main.c:463:6:erase_bullet	24	static
../Core/Src/main.c:467:6:shoot_bullet	16	static
../Core/Src/main.c:479:6:update_bullets	16	static
../Core/Src/main.c:494:6:draw_score	48	static
../Core/Src/main.c:505:6:check_bullet_enemy_collision	16	static
../Core/Src/main.c:538:5:check_collision	24	static
../Core/Src/main.c:554:5:main	128	static
../Core/Src/main.c:744:6:SystemClock_Config	88	static
../Core/Src/main.c:795:13:MX_RTC_Init	8	static
../Core/Src/main.c:828:13:MX_SPI5_Init	8	static
../Core/Src/main.c:862:13:MX_DMA_Init	16	static
../Core/Src/main.c:879:13:MX_GPIO_Init	56	static
../Core/Src/main.c:959:6:Error_Handler	4	static,ignoring_inline_asm
