../Core/Src/main.c:123:6:draw_plane	48	static
../Core/Src/main.c:224:6:erase_plane	48	static
../Core/Src/main.c:330:6:draw_enemies	24	static
../Core/Src/main.c:352:6:erase_enemies	24	static
../Core/Src/main.c:357:6:init_enemies	16	static
../Core/Src/main.c:365:6:update_enemies	24	static
../Core/Src/main.c:382:6:init_boss	4	static
../Core/Src/main.c:397:6:draw_boss	24	static
../Core/Src/main.c:433:6:erase_boss	24	static
../Core/Src/main.c:438:6:fire_boss_laser	16	static
../Core/Src/main.c:457:6:boss_shotgun	24	static
../Core/Src/main.c:496:6:boss_burst	24	static
../Core/Src/main.c:533:6:boss_wave	24	static
../Core/Src/main.c:572:6:update_boss_bullets	16	static
../Core/Src/main.c:586:6:check_lose	24	static
../Core/Src/main.c:601:6:update_boss	8	static
../Core/Src/main.c:621:5:check_bullet_boss_collision	24	static
../Core/Src/main.c:667:6:show_victory_screen	56	static
../Core/Src/main.c:690:6:show_game_over_screen	24	static
../Core/Src/main.c:723:6:draw_bullet	24	static
../Core/Src/main.c:727:6:erase_bullet	24	static
../Core/Src/main.c:731:6:shoot_bullet	16	static
../Core/Src/main.c:743:6:update_bullets	16	static
../Core/Src/main.c:758:6:draw_score	48	static
../Core/Src/main.c:769:6:check_bullet_enemy_collision	16	static
../Core/Src/main.c:802:6:show_welcome_screen	40	static
../Core/Src/main.c:848:5:check_collision	24	static
../Core/Src/main.c:864:5:main	192	static
../Core/Src/main.c:1063:6:SystemClock_Config	88	static
../Core/Src/main.c:1114:13:MX_RTC_Init	8	static
../Core/Src/main.c:1147:13:MX_SPI5_Init	8	static
../Core/Src/main.c:1181:13:MX_DMA_Init	16	static
../Core/Src/main.c:1198:13:MX_GPIO_Init	56	static
../Core/Src/main.c:1278:6:Error_Handler	4	static,ignoring_inline_asm
