../Core/Src/main.c:116:6:draw_plane	56	static
../Core/Src/main.c:133:6:erase_plane	56	static
../Core/Src/main.c:149:6:draw_replane	24	static
../Core/Src/main.c:153:6:init_enemies	16	static
../Core/Src/main.c:161:6:erase_replane	24	static
../Core/Src/main.c:164:6:update_enemies	24	static
../Core/Src/main.c:180:6:init_boss	4	static
../Core/Src/main.c:188:6:draw_boss	24	static
../Core/Src/main.c:192:6:erase_boss	24	static
../Core/Src/main.c:196:6:fire_boss_laser	16	static
../Core/Src/main.c:207:6:update_boss_bullets	24	static
../Core/Src/main.c:240:6:update_boss	8	static
../Core/Src/main.c:256:6:check_bullet_boss_collision	24	static
../Core/Src/main.c:281:6:check_boss_bullet_collision_with_player	24	static
../Core/Src/main.c:298:6:draw_bullet	24	static
../Core/Src/main.c:302:6:erase_bullet	24	static
../Core/Src/main.c:306:6:shoot_bullet	16	static
../Core/Src/main.c:317:6:update_bullets	16	static
../Core/Src/main.c:331:6:draw_score	48	static
../Core/Src/main.c:342:6:check_bullet_enemy_collision	16	static
../Core/Src/main.c:373:5:check_collision	24	static
../Core/Src/main.c:388:5:main	120	static
../Core/Src/main.c:514:6:SystemClock_Config	88	static
../Core/Src/main.c:568:13:MX_RTC_Init	8	static
../Core/Src/main.c:603:13:MX_SPI5_Init	8	static
../Core/Src/main.c:639:13:MX_DMA_Init	16	static
../Core/Src/main.c:657:13:MX_GPIO_Init	56	static
../Core/Src/main.c:726:6:Error_Handler	4	static,ignoring_inline_asm
